// Jest Snapshot v1, https://goo.gl/fbAQLP

exports[`convertWithRuleEngine generates stable hierarchy for markdown documents 1`] = `
[
  {
    "body": "1. システム概要",
    "child_ids": [
      "card-0002",
      "card-0003",
      "card-0008",
    ],
    "hasLeftTrace": false,
    "hasRightTrace": false,
    "id": "card-0001",
    "kind": "heading",
    "level": 0,
    "markdownPreviewEnabled": true,
    "next_id": null,
    "parent_id": null,
    "prev_id": null,
    "status": "draft",
    "title": "1. システム概要",
    "updatedAt": "2025-11-09T00:00:00.000Z",
  },
  {
    "body": "本システムは顧客向けに提供される。",
    "child_ids": [],
    "hasLeftTrace": false,
    "hasRightTrace": false,
    "id": "card-0002",
    "kind": "paragraph",
    "level": 1,
    "markdownPreviewEnabled": true,
    "next_id": "card-0003",
    "parent_id": "card-0001",
    "prev_id": null,
    "status": "draft",
    "title": "本システムは顧客向けに提供される。",
    "updatedAt": "2025-11-09T00:00:00.000Z",
  },
  {
    "body": "1.1 機能一覧",
    "child_ids": [
      "card-0004",
      "card-0005",
      "card-0006",
    ],
    "hasLeftTrace": false,
    "hasRightTrace": false,
    "id": "card-0003",
    "kind": "heading",
    "level": 1,
    "markdownPreviewEnabled": true,
    "next_id": "card-0008",
    "parent_id": "card-0001",
    "prev_id": "card-0002",
    "status": "draft",
    "title": "1.1 機能一覧",
    "updatedAt": "2025-11-09T00:00:00.000Z",
  },
  {
    "body": "認証",
    "child_ids": [],
    "hasLeftTrace": false,
    "hasRightTrace": false,
    "id": "card-0004",
    "kind": "bullet",
    "level": 2,
    "markdownPreviewEnabled": true,
    "next_id": "card-0005",
    "parent_id": "card-0003",
    "prev_id": null,
    "status": "draft",
    "title": "認証",
    "updatedAt": "2025-11-09T00:00:00.000Z",
  },
  {
    "body": "検索",
    "child_ids": [],
    "hasLeftTrace": false,
    "hasRightTrace": false,
    "id": "card-0005",
    "kind": "bullet",
    "level": 2,
    "markdownPreviewEnabled": true,
    "next_id": "card-0006",
    "parent_id": "card-0003",
    "prev_id": "card-0004",
    "status": "draft",
    "title": "検索",
    "updatedAt": "2025-11-09T00:00:00.000Z",
  },
  {
    "body": "1.1.1 認証フロー",
    "child_ids": [
      "card-0007",
    ],
    "hasLeftTrace": false,
    "hasRightTrace": false,
    "id": "card-0006",
    "kind": "heading",
    "level": 2,
    "markdownPreviewEnabled": true,
    "next_id": null,
    "parent_id": "card-0003",
    "prev_id": "card-0005",
    "status": "draft",
    "title": "1.1.1 認証フロー",
    "updatedAt": "2025-11-09T00:00:00.000Z",
  },
  {
    "body": "ユーザはID/パスワードでログインする。",
    "child_ids": [],
    "hasLeftTrace": false,
    "hasRightTrace": false,
    "id": "card-0007",
    "kind": "paragraph",
    "level": 3,
    "markdownPreviewEnabled": true,
    "next_id": null,
    "parent_id": "card-0006",
    "prev_id": null,
    "status": "draft",
    "title": "ユーザはID/パスワードでログインする。",
    "updatedAt": "2025-11-09T00:00:00.000Z",
  },
  {
    "body": "1.2 制約",
    "child_ids": [
      "card-0009",
    ],
    "hasLeftTrace": false,
    "hasRightTrace": false,
    "id": "card-0008",
    "kind": "heading",
    "level": 1,
    "markdownPreviewEnabled": true,
    "next_id": null,
    "parent_id": "card-0001",
    "prev_id": "card-0003",
    "status": "draft",
    "title": "1.2 制約",
    "updatedAt": "2025-11-09T00:00:00.000Z",
  },
  {
    "body": "1.2.1 データ保持
保存期間は90日とする。",
    "child_ids": [],
    "hasLeftTrace": false,
    "hasRightTrace": false,
    "id": "card-0009",
    "kind": "paragraph",
    "level": 2,
    "markdownPreviewEnabled": true,
    "next_id": null,
    "parent_id": "card-0008",
    "prev_id": null,
    "status": "draft",
    "title": "1.2.1 データ保持
保存期間は90…",
    "updatedAt": "2025-11-09T00:00:00.000Z",
  },
]
`;
